// Jest Snapshot v1, https://goo.gl/fbAQLP

exports[`renders correctly react-test-renderer 1`] = `
<div>
  <ComposableMap>
    <Geographies
      geography="/features.json"
    >
      [Function]
    </Geographies>
  </ComposableMap>
</div>
`;
